[2025-10-17T11:46:15.324+0000][gc] Using G1
[2025-10-17T11:46:15.332+0000][gc,init] Version: 17.0.16+8-alpine-r0 (release)
[2025-10-17T11:46:15.332+0000][gc,init] CPUs: 8 total, 8 available
[2025-10-17T11:46:15.333+0000][gc,init] Memory: 15904M
[2025-10-17T11:46:15.333+0000][gc,init] Large Page Support: Disabled
[2025-10-17T11:46:15.333+0000][gc,init] NUMA Support: Disabled
[2025-10-17T11:46:15.334+0000][gc,init] Compressed Oops: Enabled (32-bit)
[2025-10-17T11:46:15.334+0000][gc,init] Heap Region Size: 1M
[2025-10-17T11:46:15.335+0000][gc,init] Heap Min Capacity: 1G
[2025-10-17T11:46:15.335+0000][gc,init] Heap Initial Capacity: 1G
[2025-10-17T11:46:15.336+0000][gc,init] Heap Max Capacity: 1G
[2025-10-17T11:46:15.336+0000][gc,init] Pre-touch: Disabled
[2025-10-17T11:46:15.337+0000][gc,init] Parallel Workers: 8
[2025-10-17T11:46:15.337+0000][gc,init] Concurrent Workers: 2
[2025-10-17T11:46:15.337+0000][gc,init] Concurrent Refinement Workers: 8
[2025-10-17T11:46:15.338+0000][gc,init] Periodic GC: Disabled
[2025-10-17T11:46:15.346+0000][gc,metaspace] CDS archive(s) mapped at: [0x00007f262a000000-0x00007f262abc7000-0x00007f262abc7000), size 12349440, SharedBaseAddress: 0x00007f262a000000, ArchiveRelocationMode: 1.
[2025-10-17T11:46:15.346+0000][gc,metaspace] Compressed class space mapped at: 0x00007f262b000000-0x00007f266b000000, reserved size: 1073741824
[2025-10-17T11:46:15.347+0000][gc,metaspace] Narrow klass base: 0x00007f262a000000, Narrow klass shift: 0, Narrow klass range: 0x100000000
[2025-10-17T11:46:19.371+0000][gc,start    ] GC(0) Pause Young (Normal) (G1 Evacuation Pause)
[2025-10-17T11:46:19.373+0000][gc,task     ] GC(0) Using 8 workers of 8 for evacuation
[2025-10-17T11:46:19.409+0000][gc,phases   ] GC(0)   Pre Evacuate Collection Set: 0.3ms
[2025-10-17T11:46:19.409+0000][gc,phases   ] GC(0)   Merge Heap Roots: 0.2ms
[2025-10-17T11:46:19.409+0000][gc,phases   ] GC(0)   Evacuate Collection Set: 32.3ms
[2025-10-17T11:46:19.409+0000][gc,phases   ] GC(0)   Post Evacuate Collection Set: 2.3ms
[2025-10-17T11:46:19.410+0000][gc,phases   ] GC(0)   Other: 2.1ms
[2025-10-17T11:46:19.410+0000][gc,heap     ] GC(0) Eden regions: 512->0(474)
[2025-10-17T11:46:19.410+0000][gc,heap     ] GC(0) Survivor regions: 0->38(64)
[2025-10-17T11:46:19.410+0000][gc,heap     ] GC(0) Old regions: 0->0
[2025-10-17T11:46:19.410+0000][gc,heap     ] GC(0) Archive regions: 2->2
[2025-10-17T11:46:19.411+0000][gc,heap     ] GC(0) Humongous regions: 0->0
[2025-10-17T11:46:19.411+0000][gc,metaspace] GC(0) Metaspace: 21135K(21504K)->21135K(21504K) NonClass: 18524K(18688K)->18524K(18688K) Class: 2611K(2816K)->2611K(2816K)
[2025-10-17T11:46:19.411+0000][gc          ] GC(0) Pause Young (Normal) (G1 Evacuation Pause) 512M->38M(1024M) 39.560ms
[2025-10-17T11:46:19.411+0000][gc,cpu      ] GC(0) User=0.21s Sys=0.01s Real=0.04s
[2025-10-17T11:46:19.454+0000][gc,start    ] GC(1) Pause Young (Concurrent Start) (Metadata GC Threshold)
[2025-10-17T11:46:19.454+0000][gc,task     ] GC(1) Using 8 workers of 8 for evacuation
[2025-10-17T11:46:19.483+0000][gc,phases   ] GC(1)   Pre Evacuate Collection Set: 0.3ms
[2025-10-17T11:46:19.484+0000][gc,phases   ] GC(1)   Merge Heap Roots: 0.1ms
[2025-10-17T11:46:19.484+0000][gc,phases   ] GC(1)   Evacuate Collection Set: 27.0ms
[2025-10-17T11:46:19.484+0000][gc,phases   ] GC(1)   Post Evacuate Collection Set: 1.1ms
[2025-10-17T11:46:19.484+0000][gc,phases   ] GC(1)   Other: 0.7ms
[2025-10-17T11:46:19.484+0000][gc,heap     ] GC(1) Eden regions: 20->0(508)
[2025-10-17T11:46:19.485+0000][gc,heap     ] GC(1) Survivor regions: 38->4(64)
[2025-10-17T11:46:19.485+0000][gc,heap     ] GC(1) Old regions: 0->37
[2025-10-17T11:46:19.485+0000][gc,heap     ] GC(1) Archive regions: 2->2
[2025-10-17T11:46:19.485+0000][gc,heap     ] GC(1) Humongous regions: 0->0
[2025-10-17T11:46:19.485+0000][gc,metaspace] GC(1) Metaspace: 21150K(21504K)->21150K(21504K) NonClass: 18535K(18688K)->18535K(18688K) Class: 2614K(2816K)->2614K(2816K)
[2025-10-17T11:46:19.486+0000][gc          ] GC(1) Pause Young (Concurrent Start) (Metadata GC Threshold) 57M->41M(1024M) 31.441ms
[2025-10-17T11:46:19.486+0000][gc,cpu      ] GC(1) User=0.10s Sys=0.10s Real=0.03s
[2025-10-17T11:46:19.486+0000][gc          ] GC(2) Concurrent Mark Cycle
[2025-10-17T11:46:19.486+0000][gc,marking  ] GC(2) Concurrent Clear Claimed Marks
[2025-10-17T11:46:19.487+0000][gc,marking  ] GC(2) Concurrent Clear Claimed Marks 0.722ms
[2025-10-17T11:46:19.487+0000][gc,marking  ] GC(2) Concurrent Scan Root Regions
[2025-10-17T11:46:19.497+0000][gc,marking  ] GC(2) Concurrent Scan Root Regions 9.707ms
[2025-10-17T11:46:19.498+0000][gc,marking  ] GC(2) Concurrent Mark
[2025-10-17T11:46:19.499+0000][gc,marking  ] GC(2) Concurrent Mark From Roots
[2025-10-17T11:46:19.499+0000][gc,task     ] GC(2) Using 2 workers of 2 for marking
[2025-10-17T11:46:19.501+0000][gc,marking  ] GC(2) Concurrent Mark From Roots 1.997ms
[2025-10-17T11:46:19.501+0000][gc,marking  ] GC(2) Concurrent Preclean
[2025-10-17T11:46:19.501+0000][gc,marking  ] GC(2) Concurrent Preclean 0.286ms
[2025-10-17T11:46:19.502+0000][gc,start    ] GC(2) Pause Remark
[2025-10-17T11:46:19.504+0000][gc          ] GC(2) Pause Remark 43M->43M(1024M) 2.788ms
[2025-10-17T11:46:19.505+0000][gc,cpu      ] GC(2) User=0.01s Sys=0.00s Real=0.00s
[2025-10-17T11:46:19.505+0000][gc,marking  ] GC(2) Concurrent Mark 6.961ms
[2025-10-17T11:46:19.505+0000][gc,marking  ] GC(2) Concurrent Rebuild Remembered Sets
[2025-10-17T11:46:19.522+0000][gc,marking  ] GC(2) Concurrent Rebuild Remembered Sets 17.256ms
[2025-10-17T11:46:19.523+0000][gc,start    ] GC(2) Pause Cleanup
[2025-10-17T11:46:19.523+0000][gc          ] GC(2) Pause Cleanup 44M->44M(1024M) 0.464ms
[2025-10-17T11:46:19.524+0000][gc,cpu      ] GC(2) User=0.00s Sys=0.00s Real=0.00s
[2025-10-17T11:46:19.524+0000][gc,marking  ] GC(2) Concurrent Cleanup for Next Mark
[2025-10-17T11:46:19.529+0000][gc,marking  ] GC(2) Concurrent Cleanup for Next Mark 5.243ms
[2025-10-17T11:46:19.530+0000][gc          ] GC(2) Concurrent Mark Cycle 43.511ms
[2025-10-17T11:46:21.635+0000][gc,start    ] GC(3) Pause Young (Concurrent Start) (Metadata GC Threshold)
[2025-10-17T11:46:21.635+0000][gc,task     ] GC(3) Using 8 workers of 8 for evacuation
[2025-10-17T11:46:21.642+0000][gc,phases   ] GC(3)   Pre Evacuate Collection Set: 0.2ms
[2025-10-17T11:46:21.642+0000][gc,phases   ] GC(3)   Merge Heap Roots: 0.1ms
[2025-10-17T11:46:21.642+0000][gc,phases   ] GC(3)   Evacuate Collection Set: 4.5ms
[2025-10-17T11:46:21.643+0000][gc,phases   ] GC(3)   Post Evacuate Collection Set: 1.2ms
[2025-10-17T11:46:21.643+0000][gc,phases   ] GC(3)   Other: 0.7ms
[2025-10-17T11:46:21.643+0000][gc,heap     ] GC(3) Eden regions: 294->0(501)
[2025-10-17T11:46:21.643+0000][gc,heap     ] GC(3) Survivor regions: 4->11(64)
[2025-10-17T11:46:21.643+0000][gc,heap     ] GC(3) Old regions: 37->37
[2025-10-17T11:46:21.644+0000][gc,heap     ] GC(3) Archive regions: 2->2
[2025-10-17T11:46:21.644+0000][gc,heap     ] GC(3) Humongous regions: 0->0
[2025-10-17T11:46:21.644+0000][gc,metaspace] GC(3) Metaspace: 35591K(35968K)->35591K(35968K) NonClass: 31101K(31296K)->31101K(31296K) Class: 4489K(4672K)->4489K(4672K)
[2025-10-17T11:46:21.644+0000][gc          ] GC(3) Pause Young (Concurrent Start) (Metadata GC Threshold) 335M->47M(1024M) 9.337ms
[2025-10-17T11:46:21.645+0000][gc,cpu      ] GC(3) User=0.05s Sys=0.00s Real=0.01s
[2025-10-17T11:46:21.645+0000][gc          ] GC(4) Concurrent Mark Cycle
[2025-10-17T11:46:21.645+0000][gc,marking  ] GC(4) Concurrent Clear Claimed Marks
[2025-10-17T11:46:21.646+0000][gc,marking  ] GC(4) Concurrent Clear Claimed Marks 0.835ms
[2025-10-17T11:46:21.646+0000][gc,marking  ] GC(4) Concurrent Scan Root Regions
[2025-10-17T11:46:21.650+0000][gc,marking  ] GC(4) Concurrent Scan Root Regions 3.963ms
[2025-10-17T11:46:21.651+0000][gc,marking  ] GC(4) Concurrent Mark
[2025-10-17T11:46:21.651+0000][gc,marking  ] GC(4) Concurrent Mark From Roots
[2025-10-17T11:46:21.651+0000][gc,task     ] GC(4) Using 2 workers of 2 for marking
[2025-10-17T11:46:21.684+0000][gc,marking  ] GC(4) Concurrent Mark From Roots 33.101ms
[2025-10-17T11:46:21.684+0000][gc,marking  ] GC(4) Concurrent Preclean
[2025-10-17T11:46:21.685+0000][gc,marking  ] GC(4) Concurrent Preclean 0.372ms
[2025-10-17T11:46:21.685+0000][gc,start    ] GC(4) Pause Remark
[2025-10-17T11:46:21.688+0000][gc          ] GC(4) Pause Remark 52M->52M(1024M) 3.024ms
[2025-10-17T11:46:21.688+0000][gc,cpu      ] GC(4) User=0.02s Sys=0.00s Real=0.01s
[2025-10-17T11:46:21.689+0000][gc,marking  ] GC(4) Concurrent Mark 38.101ms
[2025-10-17T11:46:21.689+0000][gc,marking  ] GC(4) Concurrent Rebuild Remembered Sets
[2025-10-17T11:46:21.704+0000][gc,marking  ] GC(4) Concurrent Rebuild Remembered Sets 14.858ms
[2025-10-17T11:46:21.704+0000][gc,start    ] GC(4) Pause Cleanup
[2025-10-17T11:46:21.705+0000][gc          ] GC(4) Pause Cleanup 53M->53M(1024M) 0.462ms
[2025-10-17T11:46:21.705+0000][gc,cpu      ] GC(4) User=0.00s Sys=0.00s Real=0.00s
[2025-10-17T11:46:21.705+0000][gc,marking  ] GC(4) Concurrent Cleanup for Next Mark
[2025-10-17T11:46:21.710+0000][gc,marking  ] GC(4) Concurrent Cleanup for Next Mark 4.274ms
[2025-10-17T11:46:21.710+0000][gc          ] GC(4) Concurrent Mark Cycle 65.354ms
[2025-10-17T11:46:26.041+0000][gc,start    ] GC(5) Pause Young (Concurrent Start) (Metadata GC Threshold)
[2025-10-17T11:46:26.041+0000][gc,task     ] GC(5) Using 8 workers of 8 for evacuation
[2025-10-17T11:46:26.055+0000][gc,phases   ] GC(5)   Pre Evacuate Collection Set: 0.3ms
[2025-10-17T11:46:26.056+0000][gc,phases   ] GC(5)   Merge Heap Roots: 0.2ms
[2025-10-17T11:46:26.056+0000][gc,phases   ] GC(5)   Evacuate Collection Set: 9.6ms
[2025-10-17T11:46:26.056+0000][gc,phases   ] GC(5)   Post Evacuate Collection Set: 3.2ms
[2025-10-17T11:46:26.056+0000][gc,phases   ] GC(5)   Other: 0.8ms
[2025-10-17T11:46:26.057+0000][gc,heap     ] GC(5) Eden regions: 293->0(489)
[2025-10-17T11:46:26.057+0000][gc,heap     ] GC(5) Survivor regions: 11->23(64)
[2025-10-17T11:46:26.057+0000][gc,heap     ] GC(5) Old regions: 37->37
[2025-10-17T11:46:26.058+0000][gc,heap     ] GC(5) Archive regions: 2->2
[2025-10-17T11:46:26.058+0000][gc,heap     ] GC(5) Humongous regions: 0->0
[2025-10-17T11:46:26.058+0000][gc,metaspace] GC(5) Metaspace: 60273K(60736K)->60273K(60736K) NonClass: 52862K(53120K)->52862K(53120K) Class: 7411K(7616K)->7411K(7616K)
[2025-10-17T11:46:26.059+0000][gc          ] GC(5) Pause Young (Concurrent Start) (Metadata GC Threshold) 340M->59M(1024M) 17.495ms
[2025-10-17T11:46:26.059+0000][gc,cpu      ] GC(5) User=0.08s Sys=0.00s Real=0.02s
[2025-10-17T11:46:26.059+0000][gc          ] GC(6) Concurrent Mark Cycle
[2025-10-17T11:46:26.059+0000][gc,marking  ] GC(6) Concurrent Clear Claimed Marks
[2025-10-17T11:46:26.060+0000][gc,marking  ] GC(6) Concurrent Clear Claimed Marks 0.291ms
[2025-10-17T11:46:26.060+0000][gc,marking  ] GC(6) Concurrent Scan Root Regions
[2025-10-17T11:46:26.069+0000][gc,marking  ] GC(6) Concurrent Scan Root Regions 8.415ms
[2025-10-17T11:46:26.069+0000][gc,marking  ] GC(6) Concurrent Mark
[2025-10-17T11:46:26.069+0000][gc,marking  ] GC(6) Concurrent Mark From Roots
[2025-10-17T11:46:26.069+0000][gc,task     ] GC(6) Using 2 workers of 2 for marking
[2025-10-17T11:46:26.105+0000][gc,marking  ] GC(6) Concurrent Mark From Roots 35.542ms
[2025-10-17T11:46:26.105+0000][gc,marking  ] GC(6) Concurrent Preclean
[2025-10-17T11:46:26.106+0000][gc,marking  ] GC(6) Concurrent Preclean 0.417ms
[2025-10-17T11:46:26.106+0000][gc,start    ] GC(6) Pause Remark
[2025-10-17T11:46:26.109+0000][gc          ] GC(6) Pause Remark 65M->65M(1024M) 3.307ms
[2025-10-17T11:46:26.109+0000][gc,cpu      ] GC(6) User=0.02s Sys=0.00s Real=0.01s
[2025-10-17T11:46:26.110+0000][gc,marking  ] GC(6) Concurrent Mark 40.848ms
[2025-10-17T11:46:26.110+0000][gc,marking  ] GC(6) Concurrent Rebuild Remembered Sets
[2025-10-17T11:46:26.124+0000][gc,marking  ] GC(6) Concurrent Rebuild Remembered Sets 13.931ms
[2025-10-17T11:46:26.124+0000][gc,start    ] GC(6) Pause Cleanup
[2025-10-17T11:46:26.125+0000][gc          ] GC(6) Pause Cleanup 66M->66M(1024M) 0.429ms
[2025-10-17T11:46:26.125+0000][gc,cpu      ] GC(6) User=0.00s Sys=0.00s Real=0.00s
[2025-10-17T11:46:26.125+0000][gc,marking  ] GC(6) Concurrent Cleanup for Next Mark
[2025-10-17T11:46:26.126+0000][gc,marking  ] GC(6) Concurrent Cleanup for Next Mark 1.103ms
[2025-10-17T11:46:26.127+0000][gc          ] GC(6) Concurrent Mark Cycle 67.720ms
[2025-10-17T11:46:31.294+0000][gc,start    ] GC(7) Pause Young (Concurrent Start) (G1 Evacuation Pause)
[2025-10-17T11:46:31.304+0000][gc,task     ] GC(7) Using 8 workers of 8 for evacuation
[2025-10-17T11:46:31.401+0000][gc,phases   ] GC(7)   Pre Evacuate Collection Set: 0.4ms
[2025-10-17T11:46:31.403+0000][gc,phases   ] GC(7)   Merge Heap Roots: 0.2ms
[2025-10-17T11:46:31.404+0000][gc,phases   ] GC(7)   Evacuate Collection Set: 88.3ms
[2025-10-17T11:46:31.404+0000][gc,phases   ] GC(7)   Post Evacuate Collection Set: 8.3ms
[2025-10-17T11:46:31.405+0000][gc,phases   ] GC(7)   Other: 10.3ms
[2025-10-17T11:46:31.405+0000][gc,heap     ] GC(7) Eden regions: 489->0(457)
[2025-10-17T11:46:31.405+0000][gc,heap     ] GC(7) Survivor regions: 23->55(64)
[2025-10-17T11:46:31.405+0000][gc,heap     ] GC(7) Old regions: 37->37
[2025-10-17T11:46:31.405+0000][gc,heap     ] GC(7) Archive regions: 2->2
[2025-10-17T11:46:31.406+0000][gc,heap     ] GC(7) Humongous regions: 0->0
[2025-10-17T11:46:31.406+0000][gc,metaspace] GC(7) Metaspace: 73777K(74432K)->73777K(74432K) NonClass: 64458K(64768K)->64458K(64768K) Class: 9319K(9664K)->9319K(9664K)
[2025-10-17T11:46:31.406+0000][gc          ] GC(7) Pause Young (Concurrent Start) (G1 Evacuation Pause) 548M->92M(1024M) 112.441ms
[2025-10-17T11:46:31.407+0000][gc,cpu      ] GC(7) User=0.56s Sys=0.12s Real=0.11s
[2025-10-17T11:46:31.407+0000][gc          ] GC(8) Concurrent Mark Cycle
[2025-10-17T11:46:31.421+0000][gc,marking  ] GC(8) Concurrent Clear Claimed Marks
[2025-10-17T11:46:31.425+0000][gc,marking  ] GC(8) Concurrent Clear Claimed Marks 3.503ms
[2025-10-17T11:46:31.440+0000][gc,marking  ] GC(8) Concurrent Scan Root Regions
[2025-10-17T11:46:31.545+0000][gc,marking  ] GC(8) Concurrent Scan Root Regions 104.510ms
[2025-10-17T11:46:31.575+0000][gc,marking  ] GC(8) Concurrent Mark
[2025-10-17T11:46:31.580+0000][gc,marking  ] GC(8) Concurrent Mark From Roots
[2025-10-17T11:46:31.580+0000][gc,task     ] GC(8) Using 2 workers of 2 for marking
[2025-10-17T11:46:31.666+0000][gc,marking  ] GC(8) Concurrent Mark From Roots 86.426ms
[2025-10-17T11:46:31.667+0000][gc,marking  ] GC(8) Concurrent Preclean
[2025-10-17T11:46:31.667+0000][gc,marking  ] GC(8) Concurrent Preclean 0.449ms
[2025-10-17T11:46:31.672+0000][gc,start    ] GC(8) Pause Remark
[2025-10-17T11:46:31.683+0000][gc          ] GC(8) Pause Remark 156M->156M(1024M) 10.858ms
[2025-10-17T11:46:31.687+0000][gc,cpu      ] GC(8) User=0.03s Sys=0.02s Real=0.02s
[2025-10-17T11:46:31.687+0000][gc,marking  ] GC(8) Concurrent Mark 112.366ms
[2025-10-17T11:46:31.704+0000][gc,marking  ] GC(8) Concurrent Rebuild Remembered Sets
[2025-10-17T11:46:31.751+0000][gc,marking  ] GC(8) Concurrent Rebuild Remembered Sets 47.317ms
[2025-10-17T11:46:31.755+0000][gc,start    ] GC(8) Pause Cleanup
[2025-10-17T11:46:31.763+0000][gc          ] GC(8) Pause Cleanup 174M->174M(1024M) 8.084ms
[2025-10-17T11:46:31.764+0000][gc,cpu      ] GC(8) User=0.04s Sys=0.01s Real=0.01s
[2025-10-17T11:46:31.765+0000][gc,marking  ] GC(8) Concurrent Cleanup for Next Mark
[2025-10-17T11:46:31.778+0000][gc,marking  ] GC(8) Concurrent Cleanup for Next Mark 12.898ms
[2025-10-17T11:46:31.781+0000][gc          ] GC(8) Concurrent Mark Cycle 373.819ms
[2025-10-17T11:46:35.161+0000][gc,start    ] GC(9) Pause Young (Normal) (G1 Evacuation Pause)
[2025-10-17T11:46:35.162+0000][gc,task     ] GC(9) Using 8 workers of 8 for evacuation
[2025-10-17T11:46:35.200+0000][gc,phases   ] GC(9)   Pre Evacuate Collection Set: 0.3ms
[2025-10-17T11:46:35.201+0000][gc,phases   ] GC(9)   Merge Heap Roots: 0.2ms
[2025-10-17T11:46:35.201+0000][gc,phases   ] GC(9)   Evacuate Collection Set: 31.4ms
[2025-10-17T11:46:35.201+0000][gc,phases   ] GC(9)   Post Evacuate Collection Set: 6.5ms
[2025-10-17T11:46:35.202+0000][gc,phases   ] GC(9)   Other: 0.7ms
[2025-10-17T11:46:35.202+0000][gc,heap     ] GC(9) Eden regions: 457->0(497)
[2025-10-17T11:46:35.202+0000][gc,heap     ] GC(9) Survivor regions: 55->15(64)
[2025-10-17T11:46:35.202+0000][gc,heap     ] GC(9) Old regions: 37->78
[2025-10-17T11:46:35.203+0000][gc,heap     ] GC(9) Archive regions: 2->2
[2025-10-17T11:46:35.203+0000][gc,heap     ] GC(9) Humongous regions: 0->0
[2025-10-17T11:46:35.203+0000][gc,metaspace] GC(9) Metaspace: 82454K(83136K)->82454K(83136K) NonClass: 72018K(72320K)->72018K(72320K) Class: 10435K(10816K)->10435K(10816K)
[2025-10-17T11:46:35.203+0000][gc          ] GC(9) Pause Young (Normal) (G1 Evacuation Pause) 549M->92M(1024M) 41.893ms
[2025-10-17T11:46:35.203+0000][gc,cpu      ] GC(9) User=0.17s Sys=0.10s Real=0.04s
